2026-10-03 16:47:36.159: [INFO] CurrentProfilePath: C:\atreus\ATREUS\repos\ATREUS\bin\Release\net8.0-windows\ATREUS.exe.WebView2\EBWebView\Default
2026-10-03 16:47:36.159: [INFO] Profiles total count: 1
2026-10-03 16:47:36.160: [INFO] Profile: name=Profil 1 path=C:\atreus\ATREUS\repos\ATREUS\bin\Release\net8.0-windows\ATREUS.exe.WebView2\EBWebView\Default lastActive=null
2026-10-03 16:47:36.160: [INFO] LastUsedProfileDir: C:\atreus\ATREUS\repos\ATREUS\bin\Release\net8.0-windows\ATREUS.exe.WebView2\EBWebView\Default
2026-10-03 16:47:36.160: [INFO] OnDoneLoading sync enabled: 0
2026-10-03 16:47:36.160: [INFO] BookmarkModelLoaded, ids_reassigned: 0
2026-10-03 16:47:36.160: [INFO] BookmarksLoadDropped droppedNodes=0
2026-10-03 16:47:36.160: [INFO] BookmarksSnapshot Startup total=0 bar=0 other=0 mobile=0 showBar=0 showBarNTP=1
2026-10-03 16:48:17.050: [INFO] BookmarksSnapshot Shutdown total=0 bar=0 other=0 mobile=0 showBar=0 showBarNTP=1
2026-10-03 16:48:45.711: [INFO] CurrentProfilePath: C:\atreus\ATREUS\repos\ATREUS\bin\Release\net8.0-windows\ATREUS.exe.WebView2\EBWebView\Default
2026-10-03 16:48:45.711: [INFO] Profiles total count: 1
2026-10-03 16:48:45.711: [INFO] Profile: name=Profil 1 path=C:\atreus\ATREUS\repos\ATREUS\bin\Release\net8.0-windows\ATREUS.exe.WebView2\EBWebView\Default lastActive=2026-10-03T16:47:44.787Z
2026-10-03 16:48:45.711: [INFO] LastUsedProfileDir: C:\atreus\ATREUS\repos\ATREUS\bin\Release\net8.0-windows\ATREUS.exe.WebView2\EBWebView\Default
2026-10-03 16:48:45.711: [INFO] MostRecentlyActiveProfile: name=Profil 1 path=C:\atreus\ATREUS\repos\ATREUS\bin\Release\net8.0-windows\ATREUS.exe.WebView2\EBWebView\Default lastActive=2026-10-03T16:47:44.787Z
2026-10-03 16:48:45.711: [INFO] OnDoneLoading sync enabled: 0
2026-10-03 16:48:45.711: [INFO] BookmarkModelLoaded, ids_reassigned: 0
2026-10-03 16:48:45.711: [INFO] BookmarksLoadDropped droppedNodes=0
2026-10-03 16:48:45.711: [INFO] BookmarksSnapshot Startup total=0 bar=0 other=0 mobile=0 showBar=0 showBarNTP=1
2026-10-03 16:49:55.884: [INFO] BookmarksSnapshot Shutdown total=0 bar=0 other=0 mobile=0 showBar=0 showBarNTP=1
2026-10-03 16:50:23.356: [INFO] CurrentProfilePath: C:\atreus\ATREUS\repos\ATREUS\bin\Release\net8.0-windows\ATREUS.exe.WebView2\EBWebView\Default
2026-10-03 16:50:23.356: [INFO] Profiles total count: 1
2026-10-03 16:50:23.357: [INFO] Profile: name=Profil 1 path=C:\atreus\ATREUS\repos\ATREUS\bin\Release\net8.0-windows\ATREUS.exe.WebView2\EBWebView\Default lastActive=2026-10-03T16:48:48.017Z
2026-10-03 16:50:23.357: [INFO] LastUsedProfileDir: C:\atreus\ATREUS\repos\ATREUS\bin\Release\net8.0-windows\ATREUS.exe.WebView2\EBWebView\Default
2026-10-03 16:50:23.357: [INFO] MostRecentlyActiveProfile: name=Profil 1 path=C:\atreus\ATREUS\repos\ATREUS\bin\Release\net8.0-windows\ATREUS.exe.WebView2\EBWebView\Default lastActive=2026-10-03T16:48:48.017Z
2026-10-03 16:50:23.357: [INFO] OnDoneLoading sync enabled: 0
2026-10-03 16:50:23.357: [INFO] BookmarkModelLoaded, ids_reassigned: 0
2026-10-03 16:50:23.357: [INFO] BookmarksLoadDropped droppedNodes=0
2026-10-03 16:50:23.357: [INFO] BookmarksSnapshot Startup total=0 bar=0 other=0 mobile=0 showBar=0 showBarNTP=1
2026-10-03 16:50:45.261: [INFO] BookmarksSnapshot Shutdown total=0 bar=0 other=0 mobile=0 showBar=0 showBarNTP=1
2026-10-03 16:51:17.136: [INFO] CurrentProfilePath: C:\atreus\ATREUS\repos\ATREUS\bin\Release\net8.0-windows\ATREUS.exe.WebView2\EBWebView\Default
2026-10-03 16:51:17.136: [INFO] Profiles total count: 1
2026-10-03 16:51:17.136: [INFO] Profile: name=Profil 1 path=C:\atreus\ATREUS\repos\ATREUS\bin\Release\net8.0-windows\ATREUS.exe.WebView2\EBWebView\Default lastActive=2026-10-03T16:50:24.876Z
2026-10-03 16:51:17.136: [INFO] LastUsedProfileDir: C:\atreus\ATREUS\repos\ATREUS\bin\Release\net8.0-windows\ATREUS.exe.WebView2\EBWebView\Default
2026-10-03 16:51:17.136: [INFO] MostRecentlyActiveProfile: name=Profil 1 path=C:\atreus\ATREUS\repos\ATREUS\bin\Release\net8.0-windows\ATREUS.exe.WebView2\EBWebView\Default lastActive=2026-10-03T16:50:24.876Z
2026-10-03 16:51:17.136: [INFO] OnDoneLoading sync enabled: 0
2026-10-03 16:51:17.136: [INFO] BookmarkModelLoaded, ids_reassigned: 0
2026-10-03 16:51:17.136: [INFO] BookmarksLoadDropped droppedNodes=0
2026-10-03 16:51:17.136: [INFO] BookmarksSnapshot Startup total=0 bar=0 other=0 mobile=0 showBar=0 showBarNTP=1
2026-10-03 16:51:39.718: [INFO] BookmarksSnapshot Shutdown total=0 bar=0 other=0 mobile=0 showBar=0 showBarNTP=1
2026-10-03 16:52:07.438: [INFO] CurrentProfilePath: C:\atreus\ATREUS\repos\ATREUS\bin\Release\net8.0-windows\ATREUS.exe.WebView2\EBWebView\Default
2026-10-03 16:52:07.438: [INFO] Profiles total count: 1
2026-10-03 16:52:07.438: [INFO] Profile: name=Profil 1 path=C:\atreus\ATREUS\repos\ATREUS\bin\Release\net8.0-windows\ATREUS.exe.WebView2\EBWebView\Default lastActive=2026-10-03T16:51:20.899Z
2026-10-03 16:52:07.438: [INFO] LastUsedProfileDir: C:\atreus\ATREUS\repos\ATREUS\bin\Release\net8.0-windows\ATREUS.exe.WebView2\EBWebView\Default
2026-10-03 16:52:07.438: [INFO] MostRecentlyActiveProfile: name=Profil 1 path=C:\atreus\ATREUS\repos\ATREUS\bin\Release\net8.0-windows\ATREUS.exe.WebView2\EBWebView\Default lastActive=2026-10-03T16:51:20.899Z
2026-10-03 16:52:07.438: [INFO] OnDoneLoading sync enabled: 0
2026-10-03 16:52:07.438: [INFO] BookmarkModelLoaded, ids_reassigned: 0
2026-10-03 16:52:07.438: [INFO] BookmarksLoadDropped droppedNodes=0
2026-10-03 16:52:07.438: [INFO] BookmarksSnapshot Startup total=0 bar=0 other=0 mobile=0 showBar=0 showBarNTP=1
2026-10-03 16:53:06.422: [INFO] BookmarksSnapshot Shutdown total=0 bar=0 other=0 mobile=0 showBar=0 showBarNTP=1
2026-10-03 16:54:43.055: [INFO] CurrentProfilePath: C:\atreus\ATREUS\repos\ATREUS\bin\Release\net8.0-windows\ATREUS.exe.WebView2\EBWebView\Default
2026-10-03 16:54:43.055: [INFO] Profiles total count: 1
2026-10-03 16:54:43.055: [INFO] Profile: name=Profil 1 path=C:\atreus\ATREUS\repos\ATREUS\bin\Release\net8.0-windows\ATREUS.exe.WebView2\EBWebView\Default lastActive=2026-10-03T16:51:20.899Z
2026-10-03 16:54:43.055: [INFO] LastUsedProfileDir: C:\atreus\ATREUS\repos\ATREUS\bin\Release\net8.0-windows\ATREUS.exe.WebView2\EBWebView\Default
2026-10-03 16:54:43.055: [INFO] MostRecentlyActiveProfile: name=Profil 1 path=C:\atreus\ATREUS\repos\ATREUS\bin\Release\net8.0-windows\ATREUS.exe.WebView2\EBWebView\Default lastActive=2026-10-03T16:51:20.899Z
2026-10-03 16:54:43.055: [INFO] OnDoneLoading sync enabled: 0
2026-10-03 16:54:43.055: [INFO] BookmarkModelLoaded, ids_reassigned: 0
2026-10-03 16:54:43.055: [INFO] BookmarksLoadDropped droppedNodes=0
2026-10-03 16:54:43.055: [INFO] BookmarksSnapshot Startup total=0 bar=0 other=0 mobile=0 showBar=0 showBarNTP=1
2026-10-03 16:54:54.181: [INFO] BookmarksSnapshot Shutdown total=0 bar=0 other=0 mobile=0 showBar=0 showBarNTP=1
2026-10-03 16:55:38.954: [INFO] CurrentProfilePath: C:\atreus\ATREUS\repos\ATREUS\bin\Release\net8.0-windows\ATREUS.exe.WebView2\EBWebView\Default
2026-10-03 16:55:38.954: [INFO] Profiles total count: 1
2026-10-03 16:55:38.954: [INFO] Profile: name=Profil 1 path=C:\atreus\ATREUS\repos\ATREUS\bin\Release\net8.0-windows\ATREUS.exe.WebView2\EBWebView\Default lastActive=2026-10-03T16:51:20.899Z
2026-10-03 16:55:38.954: [INFO] LastUsedProfileDir: C:\atreus\ATREUS\repos\ATREUS\bin\Release\net8.0-windows\ATREUS.exe.WebView2\EBWebView\Default
2026-10-03 16:55:38.954: [INFO] MostRecentlyActiveProfile: name=Profil 1 path=C:\atreus\ATREUS\repos\ATREUS\bin\Release\net8.0-windows\ATREUS.exe.WebView2\EBWebView\Default lastActive=2026-10-03T16:51:20.899Z
2026-10-03 16:55:38.954: [INFO] OnDoneLoading sync enabled: 0
2026-10-03 16:55:38.954: [INFO] BookmarkModelLoaded, ids_reassigned: 0
2026-10-03 16:55:38.954: [INFO] BookmarksLoadDropped droppedNodes=0
2026-10-03 16:55:38.954: [INFO] BookmarksSnapshot Startup total=0 bar=0 other=0 mobile=0 showBar=0 showBarNTP=1
2026-10-03 16:56:10.780: [INFO] BookmarksSnapshot Shutdown total=0 bar=0 other=0 mobile=0 showBar=0 showBarNTP=1
2026-10-03 16:56:30.876: [INFO] CurrentProfilePath: C:\atreus\ATREUS\repos\ATREUS\bin\Release\net8.0-windows\ATREUS.exe.WebView2\EBWebView\Default
2026-10-03 16:56:30.876: [INFO] Profiles total count: 1
2026-10-03 16:56:30.876: [INFO] Profile: name=Profil 1 path=C:\atreus\ATREUS\repos\ATREUS\bin\Release\net8.0-windows\ATREUS.exe.WebView2\EBWebView\Default lastActive=2026-10-03T16:55:41.984Z
2026-10-03 16:56:30.876: [INFO] LastUsedProfileDir: C:\atreus\ATREUS\repos\ATREUS\bin\Release\net8.0-windows\ATREUS.exe.WebView2\EBWebView\Default
2026-10-03 16:56:30.876: [INFO] MostRecentlyActiveProfile: name=Profil 1 path=C:\atreus\ATREUS\repos\ATREUS\bin\Release\net8.0-windows\ATREUS.exe.WebView2\EBWebView\Default lastActive=2026-10-03T16:55:41.984Z
2026-10-03 16:56:30.876: [INFO] OnDoneLoading sync enabled: 0
2026-10-03 16:56:30.876: [INFO] BookmarkModelLoaded, ids_reassigned: 0
2026-10-03 16:56:30.876: [INFO] BookmarksLoadDropped droppedNodes=0
2026-10-03 16:56:30.876: [INFO] BookmarksSnapshot Startup total=0 bar=0 other=0 mobile=0 showBar=0 showBarNTP=1
2026-10-03 16:56:34.683: [INFO] BookmarksSnapshot Shutdown total=0 bar=0 other=0 mobile=0 showBar=0 showBarNTP=1
2026-10-03 16:57:15.804: [INFO] CurrentProfilePath: C:\atreus\ATREUS\repos\ATREUS\bin\Release\net8.0-windows\ATREUS.exe.WebView2\EBWebView\Default
2026-10-03 16:57:15.804: [INFO] Profiles total count: 1
2026-10-03 16:57:15.804: [INFO] Profile: name=Profil 1 path=C:\atreus\ATREUS\repos\ATREUS\bin\Release\net8.0-windows\ATREUS.exe.WebView2\EBWebView\Default lastActive=2026-10-03T16:55:41.984Z
2026-10-03 16:57:15.804: [INFO] LastUsedProfileDir: C:\atreus\ATREUS\repos\ATREUS\bin\Release\net8.0-windows\ATREUS.exe.WebView2\EBWebView\Default
2026-10-03 16:57:15.804: [INFO] MostRecentlyActiveProfile: name=Profil 1 path=C:\atreus\ATREUS\repos\ATREUS\bin\Release\net8.0-windows\ATREUS.exe.WebView2\EBWebView\Default lastActive=2026-10-03T16:55:41.984Z
2026-10-03 16:57:15.804: [INFO] OnDoneLoading sync enabled: 0
2026-10-03 16:57:15.804: [INFO] BookmarkModelLoaded, ids_reassigned: 0
2026-10-03 16:57:15.804: [INFO] BookmarksLoadDropped droppedNodes=0
2026-10-03 16:57:15.804: [INFO] BookmarksSnapshot Startup total=0 bar=0 other=0 mobile=0 showBar=0 showBarNTP=1
2026-10-03 16:58:03.589: [INFO] BookmarksSnapshot Shutdown total=0 bar=0 other=0 mobile=0 showBar=0 showBarNTP=1
2026-10-03 17:00:28.112: [INFO] CurrentProfilePath: C:\atreus\ATREUS\repos\ATREUS\bin\Release\net8.0-windows\ATREUS.exe.WebView2\EBWebView\Default
2026-10-03 17:00:28.112: [INFO] Profiles total count: 1
2026-10-03 17:00:28.112: [INFO] Profile: name=Profil 1 path=C:\atreus\ATREUS\repos\ATREUS\bin\Release\net8.0-windows\ATREUS.exe.WebView2\EBWebView\Default lastActive=2026-10-03T16:58:03.499Z
2026-10-03 17:00:28.112: [INFO] LastUsedProfileDir: C:\atreus\ATREUS\repos\ATREUS\bin\Release\net8.0-windows\ATREUS.exe.WebView2\EBWebView\Default
2026-10-03 17:00:28.112: [INFO] MostRecentlyActiveProfile: name=Profil 1 path=C:\atreus\ATREUS\repos\ATREUS\bin\Release\net8.0-windows\ATREUS.exe.WebView2\EBWebView\Default lastActive=2026-10-03T16:58:03.499Z
2026-10-03 17:00:28.112: [INFO] OnDoneLoading sync enabled: 0
2026-10-03 17:00:28.112: [INFO] BookmarkModelLoaded, ids_reassigned: 0
2026-10-03 17:00:28.112: [INFO] BookmarksLoadDropped droppedNodes=0
2026-10-03 17:00:28.112: [INFO] BookmarksSnapshot Startup total=0 bar=0 other=0 mobile=0 showBar=0 showBarNTP=1
2026-10-03 17:00:42.883: [INFO] BookmarksSnapshot Shutdown total=0 bar=0 other=0 mobile=0 showBar=0 showBarNTP=1
2026-10-03 17:02:06.962: [INFO] CurrentProfilePath: C:\atreus\ATREUS\repos\ATREUS\bin\Release\net8.0-windows\ATREUS.exe.WebView2\EBWebView\Default
2026-10-03 17:02:06.962: [INFO] Profiles total count: 1
2026-10-03 17:02:06.962: [INFO] Profile: name=Profil 1 path=C:\atreus\ATREUS\repos\ATREUS\bin\Release\net8.0-windows\ATREUS.exe.WebView2\EBWebView\Default lastActive=2026-10-03T17:00:42.767Z
2026-10-03 17:02:06.962: [INFO] LastUsedProfileDir: C:\atreus\ATREUS\repos\ATREUS\bin\Release\net8.0-windows\ATREUS.exe.WebView2\EBWebView\Default
2026-10-03 17:02:06.962: [INFO] MostRecentlyActiveProfile: name=Profil 1 path=C:\atreus\ATREUS\repos\ATREUS\bin\Release\net8.0-windows\ATREUS.exe.WebView2\EBWebView\Default lastActive=2026-10-03T17:00:42.767Z
2026-10-03 17:02:06.962: [INFO] OnDoneLoading sync enabled: 0
2026-10-03 17:02:06.962: [INFO] BookmarkModelLoaded, ids_reassigned: 0
2026-10-03 17:02:06.962: [INFO] BookmarksLoadDropped droppedNodes=0
2026-10-03 17:02:06.962: [INFO] BookmarksSnapshot Startup total=0 bar=0 other=0 mobile=0 showBar=0 showBarNTP=1
2026-10-03 17:03:38.288: [INFO] BookmarksSnapshot Shutdown total=0 bar=0 other=0 mobile=0 showBar=0 showBarNTP=1
2026-10-03 17:03:54.369: [INFO] CurrentProfilePath: C:\atreus\ATREUS\repos\ATREUS\bin\Release\net8.0-windows\ATREUS.exe.WebView2\EBWebView\Default
2026-10-03 17:03:54.369: [INFO] Profiles total count: 1
2026-10-03 17:03:54.369: [INFO] Profile: name=Profil 1 path=C:\atreus\ATREUS\repos\ATREUS\bin\Release\net8.0-windows\ATREUS.exe.WebView2\EBWebView\Default lastActive=2026-10-03T17:00:42.767Z
2026-10-03 17:03:54.369: [INFO] LastUsedProfileDir: C:\atreus\ATREUS\repos\ATREUS\bin\Release\net8.0-windows\ATREUS.exe.WebView2\EBWebView\Default
2026-10-03 17:03:54.369: [INFO] MostRecentlyActiveProfile: name=Profil 1 path=C:\atreus\ATREUS\repos\ATREUS\bin\Release\net8.0-windows\ATREUS.exe.WebView2\EBWebView\Default lastActive=2026-10-03T17:00:42.767Z
2026-10-03 17:03:54.369: [INFO] OnDoneLoading sync enabled: 0
2026-10-03 17:03:54.369: [INFO] BookmarkModelLoaded, ids_reassigned: 0
2026-10-03 17:03:54.369: [INFO] BookmarksLoadDropped droppedNodes=0
2026-10-03 17:03:54.369: [INFO] BookmarksSnapshot Startup total=0 bar=0 other=0 mobile=0 showBar=0 showBarNTP=1
2026-10-03 17:04:03.598: [INFO] BookmarksSnapshot Shutdown total=0 bar=0 other=0 mobile=0 showBar=0 showBarNTP=1
2026-10-03 17:05:15.177: [INFO] CurrentProfilePath: C:\atreus\ATREUS\repos\ATREUS\bin\Release\net8.0-windows\ATREUS.exe.WebView2\EBWebView\Default
2026-10-03 17:05:15.177: [INFO] Profiles total count: 1
2026-10-03 17:05:15.177: [INFO] Profile: name=Profil 1 path=C:\atreus\ATREUS\repos\ATREUS\bin\Release\net8.0-windows\ATREUS.exe.WebView2\EBWebView\Default lastActive=2026-10-03T17:04:03.499Z
2026-10-03 17:05:15.177: [INFO] LastUsedProfileDir: C:\atreus\ATREUS\repos\ATREUS\bin\Release\net8.0-windows\ATREUS.exe.WebView2\EBWebView\Default
2026-10-03 17:05:15.177: [INFO] MostRecentlyActiveProfile: name=Profil 1 path=C:\atreus\ATREUS\repos\ATREUS\bin\Release\net8.0-windows\ATREUS.exe.WebView2\EBWebView\Default lastActive=2026-10-03T17:04:03.499Z
2026-10-03 17:05:15.177: [INFO] OnDoneLoading sync enabled: 0
2026-10-03 17:05:15.177: [INFO] BookmarkModelLoaded, ids_reassigned: 0
2026-10-03 17:05:15.177: [INFO] BookmarksLoadDropped droppedNodes=0
2026-10-03 17:05:15.177: [INFO] BookmarksSnapshot Startup total=0 bar=0 other=0 mobile=0 showBar=0 showBarNTP=1
2026-10-03 18:50:04.337: [INFO] BookmarksSnapshot Shutdown total=0 bar=0 other=0 mobile=0 showBar=0 showBarNTP=1
2026-10-03 20:20:04.973: [INFO] CurrentProfilePath: C:\atreus\ATREUS\repos\ATREUS\bin\Release\net8.0-windows\ATREUS.exe.WebView2\EBWebView\Default
2026-10-03 20:20:04.973: [INFO] Profiles total count: 1
2026-10-03 20:20:04.973: [INFO] Profile: name=Profil 1 path=C:\atreus\ATREUS\repos\ATREUS\bin\Release\net8.0-windows\ATREUS.exe.WebView2\EBWebView\Default lastActive=2026-10-03T17:04:03.499Z
2026-10-03 20:20:04.973: [INFO] LastUsedProfileDir: C:\atreus\ATREUS\repos\ATREUS\bin\Release\net8.0-windows\ATREUS.exe.WebView2\EBWebView\Default
2026-10-03 20:20:04.973: [INFO] MostRecentlyActiveProfile: name=Profil 1 path=C:\atreus\ATREUS\repos\ATREUS\bin\Release\net8.0-windows\ATREUS.exe.WebView2\EBWebView\Default lastActive=2026-10-03T17:04:03.499Z
2026-10-03 20:20:04.973: [INFO] OnDoneLoading sync enabled: 0
2026-10-03 20:20:04.973: [INFO] BookmarkModelLoaded, ids_reassigned: 0
2026-10-03 20:20:04.973: [INFO] BookmarksLoadDropped droppedNodes=0
2026-10-03 20:20:04.973: [INFO] BookmarksSnapshot Startup total=0 bar=0 other=0 mobile=0 showBar=0 showBarNTP=1
2026-10-03 20:20:41.721: [INFO] BookmarksSnapshot Shutdown total=0 bar=0 other=0 mobile=0 showBar=0 showBarNTP=1
2026-10-03 20:27:04.147: [INFO] CurrentProfilePath: C:\atreus\ATREUS\repos\ATREUS\bin\Release\net8.0-windows\ATREUS.exe.WebView2\EBWebView\Default
2026-10-03 20:27:04.147: [INFO] Profiles total count: 1
2026-10-03 20:27:04.147: [INFO] Profile: name=Profil 1 path=C:\atreus\ATREUS\repos\ATREUS\bin\Release\net8.0-windows\ATREUS.exe.WebView2\EBWebView\Default lastActive=2026-10-03T20:20:09.232Z
2026-10-03 20:27:04.147: [INFO] LastUsedProfileDir: C:\atreus\ATREUS\repos\ATREUS\bin\Release\net8.0-windows\ATREUS.exe.WebView2\EBWebView\Default
2026-10-03 20:27:04.147: [INFO] MostRecentlyActiveProfile: name=Profil 1 path=C:\atreus\ATREUS\repos\ATREUS\bin\Release\net8.0-windows\ATREUS.exe.WebView2\EBWebView\Default lastActive=2026-10-03T20:20:09.232Z
2026-10-03 20:27:04.147: [INFO] OnDoneLoading sync enabled: 0
2026-10-03 20:27:04.147: [INFO] BookmarkModelLoaded, ids_reassigned: 0
2026-10-03 20:27:04.147: [INFO] BookmarksLoadDropped droppedNodes=0
2026-10-03 20:27:04.147: [INFO] BookmarksSnapshot Startup total=0 bar=0 other=0 mobile=0 showBar=0 showBarNTP=1
2026-10-03 20:27:15.129: [INFO] BookmarksSnapshot Shutdown total=0 bar=0 other=0 mobile=0 showBar=0 showBarNTP=1
2026-10-03 20:28:22.363: [INFO] CurrentProfilePath: C:\atreus\ATREUS\repos\ATREUS\bin\Release\net8.0-windows\ATREUS.exe.WebView2\EBWebView\Default
2026-10-03 20:28:22.363: [INFO] Profiles total count: 1
2026-10-03 20:28:22.363: [INFO] Profile: name=Profil 1 path=C:\atreus\ATREUS\repos\ATREUS\bin\Release\net8.0-windows\ATREUS.exe.WebView2\EBWebView\Default lastActive=2026-10-03T20:27:15.028Z
2026-10-03 20:28:22.363: [INFO] LastUsedProfileDir: C:\atreus\ATREUS\repos\ATREUS\bin\Release\net8.0-windows\ATREUS.exe.WebView2\EBWebView\Default
2026-10-03 20:28:22.363: [INFO] MostRecentlyActiveProfile: name=Profil 1 path=C:\atreus\ATREUS\repos\ATREUS\bin\Release\net8.0-windows\ATREUS.exe.WebView2\EBWebView\Default lastActive=2026-10-03T20:27:15.028Z
2026-10-03 20:28:22.363: [INFO] OnDoneLoading sync enabled: 0
2026-10-03 20:28:22.363: [INFO] BookmarkModelLoaded, ids_reassigned: 0
2026-10-03 20:28:22.363: [INFO] BookmarksLoadDropped droppedNodes=0
2026-10-03 20:28:22.363: [INFO] BookmarksSnapshot Startup total=0 bar=0 other=0 mobile=0 showBar=0 showBarNTP=1
2026-10-03 20:28:34.400: [INFO] BookmarksSnapshot Shutdown total=0 bar=0 other=0 mobile=0 showBar=0 showBarNTP=1
2026-10-03 20:29:13.863: [INFO] CurrentProfilePath: C:\atreus\ATREUS\repos\ATREUS\bin\Release\net8.0-windows\ATREUS.exe.WebView2\EBWebView\Default
2026-10-03 20:29:13.863: [INFO] Profiles total count: 1
2026-10-03 20:29:13.863: [INFO] Profile: name=Profil 1 path=C:\atreus\ATREUS\repos\ATREUS\bin\Release\net8.0-windows\ATREUS.exe.WebView2\EBWebView\Default lastActive=2026-10-03T20:27:15.028Z
2026-10-03 20:29:13.863: [INFO] LastUsedProfileDir: C:\atreus\ATREUS\repos\ATREUS\bin\Release\net8.0-windows\ATREUS.exe.WebView2\EBWebView\Default
2026-10-03 20:29:13.863: [INFO] MostRecentlyActiveProfile: name=Profil 1 path=C:\atreus\ATREUS\repos\ATREUS\bin\Release\net8.0-windows\ATREUS.exe.WebView2\EBWebView\Default lastActive=2026-10-03T20:27:15.028Z
2026-10-03 20:29:13.863: [INFO] OnDoneLoading sync enabled: 0
2026-10-03 20:29:13.863: [INFO] BookmarkModelLoaded, ids_reassigned: 0
2026-10-03 20:29:13.863: [INFO] BookmarksLoadDropped droppedNodes=0
2026-10-03 20:29:13.863: [INFO] BookmarksSnapshot Startup total=0 bar=0 other=0 mobile=0 showBar=0 showBarNTP=1
2026-10-03 20:29:20.249: [INFO] BookmarksSnapshot Shutdown total=0 bar=0 other=0 mobile=0 showBar=0 showBarNTP=1
2026-10-03 20:30:01.212: [INFO] CurrentProfilePath: C:\atreus\ATREUS\repos\ATREUS\bin\Release\net8.0-windows\ATREUS.exe.WebView2\EBWebView\Default
2026-10-03 20:30:01.212: [INFO] Profiles total count: 1
2026-10-03 20:30:01.213: [INFO] Profile: name=Profil 1 path=C:\atreus\ATREUS\repos\ATREUS\bin\Release\net8.0-windows\ATREUS.exe.WebView2\EBWebView\Default lastActive=2026-10-03T20:27:15.028Z
2026-10-03 20:30:01.213: [INFO] LastUsedProfileDir: C:\atreus\ATREUS\repos\ATREUS\bin\Release\net8.0-windows\ATREUS.exe.WebView2\EBWebView\Default
2026-10-03 20:30:01.213: [INFO] MostRecentlyActiveProfile: name=Profil 1 path=C:\atreus\ATREUS\repos\ATREUS\bin\Release\net8.0-windows\ATREUS.exe.WebView2\EBWebView\Default lastActive=2026-10-03T20:27:15.028Z
2026-10-03 20:30:01.213: [INFO] OnDoneLoading sync enabled: 0
2026-10-03 20:30:01.213: [INFO] BookmarkModelLoaded, ids_reassigned: 0
2026-10-03 20:30:01.213: [INFO] BookmarksLoadDropped droppedNodes=0
2026-10-03 20:30:01.213: [INFO] BookmarksSnapshot Startup total=0 bar=0 other=0 mobile=0 showBar=0 showBarNTP=1
2026-10-03 20:30:57.472: [INFO] BookmarksSnapshot Shutdown total=0 bar=0 other=0 mobile=0 showBar=0 showBarNTP=1
2026-10-03 20:31:35.767: [INFO] CurrentProfilePath: C:\atreus\ATREUS\repos\ATREUS\bin\Release\net8.0-windows\ATREUS.exe.WebView2\EBWebView\Default
2026-10-03 20:31:35.767: [INFO] Profiles total count: 1
2026-10-03 20:31:35.767: [INFO] Profile: name=Profil 1 path=C:\atreus\ATREUS\repos\ATREUS\bin\Release\net8.0-windows\ATREUS.exe.WebView2\EBWebView\Default lastActive=2026-10-03T20:30:57.365Z
2026-10-03 20:31:35.767: [INFO] LastUsedProfileDir: C:\atreus\ATREUS\repos\ATREUS\bin\Release\net8.0-windows\ATREUS.exe.WebView2\EBWebView\Default
2026-10-03 20:31:35.767: [INFO] MostRecentlyActiveProfile: name=Profil 1 path=C:\atreus\ATREUS\repos\ATREUS\bin\Release\net8.0-windows\ATREUS.exe.WebView2\EBWebView\Default lastActive=2026-10-03T20:30:57.365Z
2026-10-03 20:31:35.767: [INFO] OnDoneLoading sync enabled: 0
2026-10-03 20:31:35.767: [INFO] BookmarkModelLoaded, ids_reassigned: 0
2026-10-03 20:31:35.767: [INFO] BookmarksLoadDropped droppedNodes=0
2026-10-03 20:31:35.767: [INFO] BookmarksSnapshot Startup total=0 bar=0 other=0 mobile=0 showBar=0 showBarNTP=1
2026-10-03 20:32:30.705: [INFO] BookmarksSnapshot Shutdown total=0 bar=0 other=0 mobile=0 showBar=0 showBarNTP=1
2026-10-03 20:32:45.868: [INFO] CurrentProfilePath: C:\atreus\ATREUS\repos\ATREUS\bin\Release\net8.0-windows\ATREUS.exe.WebView2\EBWebView\Default
2026-10-03 20:32:45.868: [INFO] Profiles total count: 1
2026-10-03 20:32:45.868: [INFO] Profile: name=Profil 1 path=C:\atreus\ATREUS\repos\ATREUS\bin\Release\net8.0-windows\ATREUS.exe.WebView2\EBWebView\Default lastActive=2026-10-03T20:31:38.008Z
2026-10-03 20:32:45.868: [INFO] LastUsedProfileDir: C:\atreus\ATREUS\repos\ATREUS\bin\Release\net8.0-windows\ATREUS.exe.WebView2\EBWebView\Default
2026-10-03 20:32:45.868: [INFO] MostRecentlyActiveProfile: name=Profil 1 path=C:\atreus\ATREUS\repos\ATREUS\bin\Release\net8.0-windows\ATREUS.exe.WebView2\EBWebView\Default lastActive=2026-10-03T20:31:38.008Z
2026-10-03 20:32:45.868: [INFO] OnDoneLoading sync enabled: 0
2026-10-03 20:32:45.868: [INFO] BookmarkModelLoaded, ids_reassigned: 0
2026-10-03 20:32:45.868: [INFO] BookmarksLoadDropped droppedNodes=0
2026-10-03 20:32:45.868: [INFO] BookmarksSnapshot Startup total=0 bar=0 other=0 mobile=0 showBar=0 showBarNTP=1
2026-10-03 20:36:05.876: [INFO] BookmarksSnapshot Shutdown total=0 bar=0 other=0 mobile=0 showBar=0 showBarNTP=1
2026-10-03 20:36:38.039: [INFO] CurrentProfilePath: C:\atreus\ATREUS\repos\ATREUS\bin\Release\net8.0-windows\ATREUS.exe.WebView2\EBWebView\Default
2026-10-03 20:36:38.039: [INFO] Profiles total count: 1
2026-10-03 20:36:38.040: [INFO] Profile: name=Profil 1 path=C:\atreus\ATREUS\repos\ATREUS\bin\Release\net8.0-windows\ATREUS.exe.WebView2\EBWebView\Default lastActive=2026-10-03T20:35:36.212Z
2026-10-03 20:36:38.040: [INFO] LastUsedProfileDir: C:\atreus\ATREUS\repos\ATREUS\bin\Release\net8.0-windows\ATREUS.exe.WebView2\EBWebView\Default
2026-10-03 20:36:38.040: [INFO] MostRecentlyActiveProfile: name=Profil 1 path=C:\atreus\ATREUS\repos\ATREUS\bin\Release\net8.0-windows\ATREUS.exe.WebView2\EBWebView\Default lastActive=2026-10-03T20:35:36.212Z
2026-10-03 20:36:38.040: [INFO] OnDoneLoading sync enabled: 0
2026-10-03 20:36:38.040: [INFO] BookmarkModelLoaded, ids_reassigned: 0
2026-10-03 20:36:38.040: [INFO] BookmarksLoadDropped droppedNodes=0
2026-10-03 20:36:38.040: [INFO] BookmarksSnapshot Startup total=0 bar=0 other=0 mobile=0 showBar=0 showBarNTP=1
2026-10-03 20:40:13.419: [INFO] BookmarksSnapshot Shutdown total=0 bar=0 other=0 mobile=0 showBar=0 showBarNTP=1
2026-10-03 20:43:13.744: [INFO] CurrentProfilePath: C:\atreus\ATREUS\repos\ATREUS\bin\Release\net8.0-windows\ATREUS.exe.WebView2\EBWebView\Default
2026-10-03 20:43:13.744: [INFO] Profiles total count: 1
2026-10-03 20:43:13.744: [INFO] Profile: name=Profil 1 path=C:\atreus\ATREUS\repos\ATREUS\bin\Release\net8.0-windows\ATREUS.exe.WebView2\EBWebView\Default lastActive=2026-10-03T20:35:36.212Z
2026-10-03 20:43:13.744: [INFO] LastUsedProfileDir: C:\atreus\ATREUS\repos\ATREUS\bin\Release\net8.0-windows\ATREUS.exe.WebView2\EBWebView\Default
2026-10-03 20:43:13.744: [INFO] MostRecentlyActiveProfile: name=Profil 1 path=C:\atreus\ATREUS\repos\ATREUS\bin\Release\net8.0-windows\ATREUS.exe.WebView2\EBWebView\Default lastActive=2026-10-03T20:35:36.212Z
2026-10-03 20:43:13.744: [INFO] OnDoneLoading sync enabled: 0
2026-10-03 20:43:13.744: [INFO] BookmarkModelLoaded, ids_reassigned: 0
2026-10-03 20:43:13.744: [INFO] BookmarksLoadDropped droppedNodes=0
2026-10-03 20:43:13.744: [INFO] BookmarksSnapshot Startup total=0 bar=0 other=0 mobile=0 showBar=0 showBarNTP=1
2026-10-03 20:44:59.461: [INFO] BookmarksSnapshot Shutdown total=0 bar=0 other=0 mobile=0 showBar=0 showBarNTP=1
2026-10-03 20:49:41.132: [INFO] CurrentProfilePath: C:\atreus\ATREUS\repos\ATREUS\bin\Release\net8.0-windows\ATREUS.exe.WebView2\EBWebView\Default
2026-10-03 20:49:41.132: [INFO] Profiles total count: 1
2026-10-03 20:49:41.132: [INFO] Profile: name=Profil 1 path=C:\atreus\ATREUS\repos\ATREUS\bin\Release\net8.0-windows\ATREUS.exe.WebView2\EBWebView\Default lastActive=2026-10-03T20:44:59.333Z
2026-10-03 20:49:41.132: [INFO] LastUsedProfileDir: C:\atreus\ATREUS\repos\ATREUS\bin\Release\net8.0-windows\ATREUS.exe.WebView2\EBWebView\Default
2026-10-03 20:49:41.132: [INFO] MostRecentlyActiveProfile: name=Profil 1 path=C:\atreus\ATREUS\repos\ATREUS\bin\Release\net8.0-windows\ATREUS.exe.WebView2\EBWebView\Default lastActive=2026-10-03T20:44:59.333Z
2026-10-03 20:49:41.132: [INFO] OnDoneLoading sync enabled: 0
2026-10-03 20:49:41.132: [INFO] BookmarkModelLoaded, ids_reassigned: 0
2026-10-03 20:49:41.132: [INFO] BookmarksLoadDropped droppedNodes=0
2026-10-03 20:49:41.132: [INFO] BookmarksSnapshot Startup total=0 bar=0 other=0 mobile=0 showBar=0 showBarNTP=1
2026-10-03 20:51:11.764: [INFO] BookmarksSnapshot Shutdown total=0 bar=0 other=0 mobile=0 showBar=0 showBarNTP=1
2026-10-03 20:51:30.048: [INFO] CurrentProfilePath: C:\atreus\ATREUS\repos\ATREUS\bin\Release\net8.0-windows\ATREUS.exe.WebView2\EBWebView\Default
2026-10-03 20:51:30.048: [INFO] Profiles total count: 1
2026-10-03 20:51:30.049: [INFO] Profile: name=Profil 1 path=C:\atreus\ATREUS\repos\ATREUS\bin\Release\net8.0-windows\ATREUS.exe.WebView2\EBWebView\Default lastActive=2026-10-03T20:51:11.652Z
2026-10-03 20:51:30.049: [INFO] LastUsedProfileDir: C:\atreus\ATREUS\repos\ATREUS\bin\Release\net8.0-windows\ATREUS.exe.WebView2\EBWebView\Default
2026-10-03 20:51:30.049: [INFO] MostRecentlyActiveProfile: name=Profil 1 path=C:\atreus\ATREUS\repos\ATREUS\bin\Release\net8.0-windows\ATREUS.exe.WebView2\EBWebView\Default lastActive=2026-10-03T20:51:11.652Z
2026-10-03 20:51:30.049: [INFO] OnDoneLoading sync enabled: 0
2026-10-03 20:51:30.049: [INFO] BookmarkModelLoaded, ids_reassigned: 0
2026-10-03 20:51:30.049: [INFO] BookmarksLoadDropped droppedNodes=0
2026-10-03 20:51:30.049: [INFO] BookmarksSnapshot Startup total=0 bar=0 other=0 mobile=0 showBar=0 showBarNTP=1
2026-10-03 20:51:55.599: [INFO] BookmarksSnapshot Shutdown total=0 bar=0 other=0 mobile=0 showBar=0 showBarNTP=1
2026-10-03 20:52:15.531: [INFO] CurrentProfilePath: C:\atreus\ATREUS\repos\ATREUS\bin\Release\net8.0-windows\ATREUS.exe.WebView2\EBWebView\Default
2026-10-03 20:52:15.531: [INFO] Profiles total count: 1
2026-10-03 20:52:15.531: [INFO] Profile: name=Profil 1 path=C:\atreus\ATREUS\repos\ATREUS\bin\Release\net8.0-windows\ATREUS.exe.WebView2\EBWebView\Default lastActive=2026-10-03T20:51:55.472Z
2026-10-03 20:52:15.531: [INFO] LastUsedProfileDir: C:\atreus\ATREUS\repos\ATREUS\bin\Release\net8.0-windows\ATREUS.exe.WebView2\EBWebView\Default
2026-10-03 20:52:15.531: [INFO] MostRecentlyActiveProfile: name=Profil 1 path=C:\atreus\ATREUS\repos\ATREUS\bin\Release\net8.0-windows\ATREUS.exe.WebView2\EBWebView\Default lastActive=2026-10-03T20:51:55.472Z
2026-10-03 20:52:15.531: [INFO] OnDoneLoading sync enabled: 0
2026-10-03 20:52:15.531: [INFO] BookmarkModelLoaded, ids_reassigned: 0
2026-10-03 20:52:15.531: [INFO] BookmarksLoadDropped droppedNodes=0
2026-10-03 20:52:15.531: [INFO] BookmarksSnapshot Startup total=0 bar=0 other=0 mobile=0 showBar=0 showBarNTP=1
2026-10-03 20:52:42.679: [INFO] BookmarksSnapshot Shutdown total=0 bar=0 other=0 mobile=0 showBar=0 showBarNTP=1
2026-10-03 21:51:58.177: [INFO] CurrentProfilePath: C:\atreus\ATREUS\repos\ATREUS\bin\Release\net8.0-windows\ATREUS.exe.WebView2\EBWebView\Default
2026-10-03 21:51:58.177: [INFO] Profiles total count: 1
2026-10-03 21:51:58.177: [INFO] Profile: name=Profil 1 path=C:\atreus\ATREUS\repos\ATREUS\bin\Release\net8.0-windows\ATREUS.exe.WebView2\EBWebView\Default lastActive=2026-10-03T20:52:20.944Z
2026-10-03 21:51:58.177: [INFO] LastUsedProfileDir: C:\atreus\ATREUS\repos\ATREUS\bin\Release\net8.0-windows\ATREUS.exe.WebView2\EBWebView\Default
2026-10-03 21:51:58.177: [INFO] MostRecentlyActiveProfile: name=Profil 1 path=C:\atreus\ATREUS\repos\ATREUS\bin\Release\net8.0-windows\ATREUS.exe.WebView2\EBWebView\Default lastActive=2026-10-03T20:52:20.944Z
2026-10-03 21:51:58.177: [INFO] OnDoneLoading sync enabled: 0
2026-10-03 21:51:58.177: [INFO] BookmarkModelLoaded, ids_reassigned: 0
2026-10-03 21:51:58.177: [INFO] BookmarksLoadDropped droppedNodes=0
2026-10-03 21:51:58.177: [INFO] BookmarksSnapshot Startup total=0 bar=0 other=0 mobile=0 showBar=0 showBarNTP=1
2026-10-03 21:56:16.164: [INFO] BookmarksSnapshot Shutdown total=0 bar=0 other=0 mobile=0 showBar=0 showBarNTP=1
2026-10-03 21:59:05.378: [INFO] CurrentProfilePath: C:\atreus\ATREUS\repos\ATREUS\bin\Release\net8.0-windows\ATREUS.exe.WebView2\EBWebView\Default
2026-10-03 21:59:05.378: [INFO] Profiles total count: 1
2026-10-03 21:59:05.379: [INFO] Profile: name=Profil 1 path=C:\atreus\ATREUS\repos\ATREUS\bin\Release\net8.0-windows\ATREUS.exe.WebView2\EBWebView\Default lastActive=2026-10-03T21:52:00.796Z
2026-10-03 21:59:05.379: [INFO] LastUsedProfileDir: C:\atreus\ATREUS\repos\ATREUS\bin\Release\net8.0-windows\ATREUS.exe.WebView2\EBWebView\Default
2026-10-03 21:59:05.379: [INFO] MostRecentlyActiveProfile: name=Profil 1 path=C:\atreus\ATREUS\repos\ATREUS\bin\Release\net8.0-windows\ATREUS.exe.WebView2\EBWebView\Default lastActive=2026-10-03T21:52:00.796Z
2026-10-03 21:59:05.379: [INFO] OnDoneLoading sync enabled: 0
2026-10-03 21:59:05.379: [INFO] BookmarkModelLoaded, ids_reassigned: 0
2026-10-03 21:59:05.379: [INFO] BookmarksLoadDropped droppedNodes=0
2026-10-03 21:59:05.379: [INFO] BookmarksSnapshot Startup total=0 bar=0 other=0 mobile=0 showBar=0 showBarNTP=1
2026-10-03 22:00:07.806: [INFO] BookmarksSnapshot Shutdown total=0 bar=0 other=0 mobile=0 showBar=0 showBarNTP=1
2026-10-03 22:00:21.985: [INFO] CurrentProfilePath: C:\atreus\ATREUS\repos\ATREUS\bin\Release\net8.0-windows\ATREUS.exe.WebView2\EBWebView\Default
2026-10-03 22:00:21.985: [INFO] Profiles total count: 1
2026-10-03 22:00:21.985: [INFO] Profile: name=Profil 1 path=C:\atreus\ATREUS\repos\ATREUS\bin\Release\net8.0-windows\ATREUS.exe.WebView2\EBWebView\Default lastActive=2026-10-03T21:52:00.796Z
2026-10-03 22:00:21.985: [INFO] LastUsedProfileDir: C:\atreus\ATREUS\repos\ATREUS\bin\Release\net8.0-windows\ATREUS.exe.WebView2\EBWebView\Default
2026-10-03 22:00:21.985: [INFO] MostRecentlyActiveProfile: name=Profil 1 path=C:\atreus\ATREUS\repos\ATREUS\bin\Release\net8.0-windows\ATREUS.exe.WebView2\EBWebView\Default lastActive=2026-10-03T21:52:00.796Z
2026-10-03 22:00:21.985: [INFO] OnDoneLoading sync enabled: 0
2026-10-03 22:00:21.985: [INFO] BookmarkModelLoaded, ids_reassigned: 0
2026-10-03 22:00:21.985: [INFO] BookmarksLoadDropped droppedNodes=0
2026-10-03 22:00:21.985: [INFO] BookmarksSnapshot Startup total=0 bar=0 other=0 mobile=0 showBar=0 showBarNTP=1
2026-10-03 22:11:25.709: [INFO] BookmarksSnapshot Shutdown total=0 bar=0 other=0 mobile=0 showBar=0 showBarNTP=1
2026-10-03 22:12:12.795: [INFO] CurrentProfilePath: C:\atreus\ATREUS\repos\ATREUS\bin\Release\net8.0-windows\ATREUS.exe.WebView2\EBWebView\Default
2026-10-03 22:12:12.795: [INFO] Profiles total count: 1
2026-10-03 22:12:12.795: [INFO] Profile: name=Profil 1 path=C:\atreus\ATREUS\repos\ATREUS\bin\Release\net8.0-windows\ATREUS.exe.WebView2\EBWebView\Default lastActive=2026-10-03T22:05:24.689Z
2026-10-03 22:12:12.795: [INFO] LastUsedProfileDir: C:\atreus\ATREUS\repos\ATREUS\bin\Release\net8.0-windows\ATREUS.exe.WebView2\EBWebView\Default
2026-10-03 22:12:12.795: [INFO] MostRecentlyActiveProfile: name=Profil 1 path=C:\atreus\ATREUS\repos\ATREUS\bin\Release\net8.0-windows\ATREUS.exe.WebView2\EBWebView\Default lastActive=2026-10-03T22:05:24.689Z
2026-10-03 22:12:12.795: [INFO] OnDoneLoading sync enabled: 0
2026-10-03 22:12:12.795: [INFO] BookmarkModelLoaded, ids_reassigned: 0
2026-10-03 22:12:12.795: [INFO] BookmarksLoadDropped droppedNodes=0
2026-10-03 22:12:12.795: [INFO] BookmarksSnapshot Startup total=0 bar=0 other=0 mobile=0 showBar=0 showBarNTP=1
2026-10-03 22:12:33.765: [INFO] BookmarksSnapshot Shutdown total=0 bar=0 other=0 mobile=0 showBar=0 showBarNTP=1
2026-10-03 23:07:01.569: [INFO] CurrentProfilePath: C:\atreus\ATREUS\repos\ATREUS\bin\Release\net8.0-windows\ATREUS.exe.WebView2\EBWebView\Default
2026-10-03 23:07:01.569: [INFO] Profiles total count: 1
2026-10-03 23:07:01.569: [INFO] Profile: name=Profil 1 path=C:\atreus\ATREUS\repos\ATREUS\bin\Release\net8.0-windows\ATREUS.exe.WebView2\EBWebView\Default lastActive=2026-10-03T22:05:24.689Z
2026-10-03 23:07:01.570: [INFO] LastUsedProfileDir: C:\atreus\ATREUS\repos\ATREUS\bin\Release\net8.0-windows\ATREUS.exe.WebView2\EBWebView\Default
2026-10-03 23:07:01.570: [INFO] MostRecentlyActiveProfile: name=Profil 1 path=C:\atreus\ATREUS\repos\ATREUS\bin\Release\net8.0-windows\ATREUS.exe.WebView2\EBWebView\Default lastActive=2026-10-03T22:05:24.689Z
2026-10-03 23:07:01.570: [INFO] OnDoneLoading sync enabled: 0
2026-10-03 23:07:01.570: [INFO] BookmarkModelLoaded, ids_reassigned: 0
2026-10-03 23:07:01.570: [INFO] BookmarksLoadDropped droppedNodes=0
2026-10-03 23:07:01.570: [INFO] BookmarksSnapshot Startup total=0 bar=0 other=0 mobile=0 showBar=0 showBarNTP=1
2026-10-03 23:08:08.691: [INFO] BookmarksSnapshot Shutdown total=0 bar=0 other=0 mobile=0 showBar=0 showBarNTP=1
2026-10-03 23:10:11.559: [INFO] CurrentProfilePath: C:\atreus\ATREUS\repos\ATREUS\bin\Release\net8.0-windows\ATREUS.exe.WebView2\EBWebView\Default
2026-10-03 23:10:11.559: [INFO] Profiles total count: 1
2026-10-03 23:10:11.559: [INFO] Profile: name=Profil 1 path=C:\atreus\ATREUS\repos\ATREUS\bin\Release\net8.0-windows\ATREUS.exe.WebView2\EBWebView\Default lastActive=2026-10-03T23:07:26.236Z
2026-10-03 23:10:11.559: [INFO] LastUsedProfileDir: C:\atreus\ATREUS\repos\ATREUS\bin\Release\net8.0-windows\ATREUS.exe.WebView2\EBWebView\Default
2026-10-03 23:10:11.559: [INFO] MostRecentlyActiveProfile: name=Profil 1 path=C:\atreus\ATREUS\repos\ATREUS\bin\Release\net8.0-windows\ATREUS.exe.WebView2\EBWebView\Default lastActive=2026-10-03T23:07:26.236Z
2026-10-03 23:10:11.559: [INFO] OnDoneLoading sync enabled: 0
2026-10-03 23:10:11.559: [INFO] BookmarkModelLoaded, ids_reassigned: 0
2026-10-03 23:10:11.559: [INFO] BookmarksLoadDropped droppedNodes=0
2026-10-03 23:10:11.559: [INFO] BookmarksSnapshot Startup total=0 bar=0 other=0 mobile=0 showBar=0 showBarNTP=1
2026-10-03 23:12:03.913: [INFO] BookmarksSnapshot Shutdown total=0 bar=0 other=0 mobile=0 showBar=0 showBarNTP=1
2026-10-03 23:12:41.856: [INFO] CurrentProfilePath: C:\atreus\ATREUS\repos\ATREUS\bin\Release\net8.0-windows\ATREUS.exe.WebView2\EBWebView\Default
2026-10-03 23:12:41.856: [INFO] Profiles total count: 1
2026-10-03 23:12:41.856: [INFO] Profile: name=Profil 1 path=C:\atreus\ATREUS\repos\ATREUS\bin\Release\net8.0-windows\ATREUS.exe.WebView2\EBWebView\Default lastActive=2026-10-03T23:07:26.236Z
2026-10-03 23:12:41.856: [INFO] LastUsedProfileDir: C:\atreus\ATREUS\repos\ATREUS\bin\Release\net8.0-windows\ATREUS.exe.WebView2\EBWebView\Default
2026-10-03 23:12:41.856: [INFO] MostRecentlyActiveProfile: name=Profil 1 path=C:\atreus\ATREUS\repos\ATREUS\bin\Release\net8.0-windows\ATREUS.exe.WebView2\EBWebView\Default lastActive=2026-10-03T23:07:26.236Z
2026-10-03 23:12:41.856: [INFO] OnDoneLoading sync enabled: 0
2026-10-03 23:12:41.856: [INFO] BookmarkModelLoaded, ids_reassigned: 0
2026-10-03 23:12:41.856: [INFO] BookmarksLoadDropped droppedNodes=0
2026-10-03 23:12:41.856: [INFO] BookmarksSnapshot Startup total=0 bar=0 other=0 mobile=0 showBar=0 showBarNTP=1
2026-10-03 23:19:29.639: [INFO] BookmarksSnapshot Shutdown total=0 bar=0 other=0 mobile=0 showBar=0 showBarNTP=1
2026-10-03 23:21:50.782: [INFO] CurrentProfilePath: C:\atreus\ATREUS\repos\ATREUS\bin\Release\net8.0-windows\ATREUS.exe.WebView2\EBWebView\Default
2026-10-03 23:21:50.782: [INFO] Profiles total count: 1
2026-10-03 23:21:50.782: [INFO] Profile: name=Profil 1 path=C:\atreus\ATREUS\repos\ATREUS\bin\Release\net8.0-windows\ATREUS.exe.WebView2\EBWebView\Default lastActive=2026-10-03T23:15:06.707Z
2026-10-03 23:21:50.782: [INFO] LastUsedProfileDir: C:\atreus\ATREUS\repos\ATREUS\bin\Release\net8.0-windows\ATREUS.exe.WebView2\EBWebView\Default
2026-10-03 23:21:50.782: [INFO] MostRecentlyActiveProfile: name=Profil 1 path=C:\atreus\ATREUS\repos\ATREUS\bin\Release\net8.0-windows\ATREUS.exe.WebView2\EBWebView\Default lastActive=2026-10-03T23:15:06.707Z
2026-10-03 23:21:50.782: [INFO] OnDoneLoading sync enabled: 0
2026-10-03 23:21:50.782: [INFO] BookmarkModelLoaded, ids_reassigned: 0
2026-10-03 23:21:50.782: [INFO] BookmarksLoadDropped droppedNodes=0
2026-10-03 23:21:50.782: [INFO] BookmarksSnapshot Startup total=0 bar=0 other=0 mobile=0 showBar=0 showBarNTP=1
2026-10-03 23:22:55.005: [INFO] BookmarksSnapshot Shutdown total=0 bar=0 other=0 mobile=0 showBar=0 showBarNTP=1
2026-10-03 23:26:08.763: [INFO] CurrentProfilePath: C:\atreus\ATREUS\repos\ATREUS\bin\Release\net8.0-windows\ATREUS.exe.WebView2\EBWebView\Default
2026-10-03 23:26:08.763: [INFO] Profiles total count: 1
2026-10-03 23:26:08.763: [INFO] Profile: name=Profil 1 path=C:\atreus\ATREUS\repos\ATREUS\bin\Release\net8.0-windows\ATREUS.exe.WebView2\EBWebView\Default lastActive=2026-10-03T23:22:02.173Z
2026-10-03 23:26:08.763: [INFO] LastUsedProfileDir: C:\atreus\ATREUS\repos\ATREUS\bin\Release\net8.0-windows\ATREUS.exe.WebView2\EBWebView\Default
2026-10-03 23:26:08.763: [INFO] MostRecentlyActiveProfile: name=Profil 1 path=C:\atreus\ATREUS\repos\ATREUS\bin\Release\net8.0-windows\ATREUS.exe.WebView2\EBWebView\Default lastActive=2026-10-03T23:22:02.173Z
2026-10-03 23:26:08.763: [INFO] OnDoneLoading sync enabled: 0
2026-10-03 23:26:08.763: [INFO] BookmarkModelLoaded, ids_reassigned: 0
2026-10-03 23:26:08.763: [INFO] BookmarksLoadDropped droppedNodes=0
2026-10-03 23:26:08.763: [INFO] BookmarksSnapshot Startup total=0 bar=0 other=0 mobile=0 showBar=0 showBarNTP=1
2026-10-03 23:27:22.221: [INFO] BookmarksSnapshot Shutdown total=0 bar=0 other=0 mobile=0 showBar=0 showBarNTP=1
2026-10-03 23:29:31.855: [INFO] CurrentProfilePath: C:\atreus\ATREUS\repos\ATREUS\bin\Release\net8.0-windows\ATREUS.exe.WebView2\EBWebView\Default
2026-10-03 23:29:31.855: [INFO] Profiles total count: 1
2026-10-03 23:29:31.855: [INFO] Profile: name=Profil 1 path=C:\atreus\ATREUS\repos\ATREUS\bin\Release\net8.0-windows\ATREUS.exe.WebView2\EBWebView\Default lastActive=2026-10-03T23:26:10.774Z
2026-10-03 23:29:31.855: [INFO] LastUsedProfileDir: C:\atreus\ATREUS\repos\ATREUS\bin\Release\net8.0-windows\ATREUS.exe.WebView2\EBWebView\Default
2026-10-03 23:29:31.855: [INFO] MostRecentlyActiveProfile: name=Profil 1 path=C:\atreus\ATREUS\repos\ATREUS\bin\Release\net8.0-windows\ATREUS.exe.WebView2\EBWebView\Default lastActive=2026-10-03T23:26:10.774Z
2026-10-03 23:29:31.855: [INFO] OnDoneLoading sync enabled: 0
2026-10-03 23:29:31.855: [INFO] BookmarkModelLoaded, ids_reassigned: 0
2026-10-03 23:29:31.855: [INFO] BookmarksLoadDropped droppedNodes=0
2026-10-03 23:29:31.855: [INFO] BookmarksSnapshot Startup total=0 bar=0 other=0 mobile=0 showBar=0 showBarNTP=1
2026-10-03 23:30:11.563: [INFO] BookmarksSnapshot Shutdown total=0 bar=0 other=0 mobile=0 showBar=0 showBarNTP=1
2026-10-04 15:20:39.516: [INFO] CurrentProfilePath: C:\atreus\ATREUS\repos\ATREUS\bin\Release\net8.0-windows\ATREUS.exe.WebView2\EBWebView\Default
2026-10-04 15:20:39.516: [INFO] Profiles total count: 1
2026-10-04 15:20:39.516: [INFO] Profile: name=Profil 1 path=C:\atreus\ATREUS\repos\ATREUS\bin\Release\net8.0-windows\ATREUS.exe.WebView2\EBWebView\Default lastActive=2026-10-03T23:29:34.696Z
2026-10-04 15:20:39.516: [INFO] LastUsedProfileDir: C:\atreus\ATREUS\repos\ATREUS\bin\Release\net8.0-windows\ATREUS.exe.WebView2\EBWebView\Default
2026-10-04 15:20:39.516: [INFO] MostRecentlyActiveProfile: name=Profil 1 path=C:\atreus\ATREUS\repos\ATREUS\bin\Release\net8.0-windows\ATREUS.exe.WebView2\EBWebView\Default lastActive=2026-10-03T23:29:34.696Z
2026-10-04 15:20:39.516: [INFO] OnDoneLoading sync enabled: 0
2026-10-04 15:20:39.516: [INFO] BookmarkModelLoaded, ids_reassigned: 0
2026-10-04 15:20:39.516: [INFO] BookmarksLoadDropped droppedNodes=0
2026-10-04 15:20:39.517: [INFO] BookmarksSnapshot Startup total=0 bar=0 other=0 mobile=0 showBar=0 showBarNTP=1
2026-10-04 15:28:54.932: [INFO] BookmarksSnapshot Shutdown total=0 bar=0 other=0 mobile=0 showBar=0 showBarNTP=1
2026-10-04 15:43:33.752: [INFO] CurrentProfilePath: C:\atreus\ATREUS\repos\ATREUS\bin\Release\net8.0-windows\ATREUS.exe.WebView2\EBWebView\Default
2026-10-04 15:43:33.752: [INFO] Profiles total count: 1
2026-10-04 15:43:33.752: [INFO] Profile: name=Profil 1 path=C:\atreus\ATREUS\repos\ATREUS\bin\Release\net8.0-windows\ATREUS.exe.WebView2\EBWebView\Default lastActive=2026-10-04T15:22:59.935Z
2026-10-04 15:43:33.752: [INFO] LastUsedProfileDir: C:\atreus\ATREUS\repos\ATREUS\bin\Release\net8.0-windows\ATREUS.exe.WebView2\EBWebView\Default
2026-10-04 15:43:33.752: [INFO] MostRecentlyActiveProfile: name=Profil 1 path=C:\atreus\ATREUS\repos\ATREUS\bin\Release\net8.0-windows\ATREUS.exe.WebView2\EBWebView\Default lastActive=2026-10-04T15:22:59.935Z
2026-10-04 15:43:33.752: [INFO] OnDoneLoading sync enabled: 0
2026-10-04 15:43:33.752: [INFO] BookmarkModelLoaded, ids_reassigned: 0
2026-10-04 15:43:33.752: [INFO] BookmarksLoadDropped droppedNodes=0
2026-10-04 15:43:33.752: [INFO] BookmarksSnapshot Startup total=0 bar=0 other=0 mobile=0 showBar=0 showBarNTP=1
2026-10-04 15:56:36.853: [INFO] BookmarksSnapshot Shutdown total=0 bar=0 other=0 mobile=0 showBar=0 showBarNTP=1
2026-10-04 19:06:05.866: [INFO] CurrentProfilePath: C:\atreus\ATREUS\repos\ATREUS\bin\Release\net8.0-windows\ATREUS.exe.WebView2\EBWebView\Default
2026-10-04 19:06:05.866: [INFO] Profiles total count: 1
2026-10-04 19:06:05.866: [INFO] Profile: name=Profil 1 path=C:\atreus\ATREUS\repos\ATREUS\bin\Release\net8.0-windows\ATREUS.exe.WebView2\EBWebView\Default lastActive=2026-10-04T17:11:16.367Z
2026-10-04 19:06:05.866: [INFO] LastUsedProfileDir: C:\atreus\ATREUS\repos\ATREUS\bin\Release\net8.0-windows\ATREUS.exe.WebView2\EBWebView\Default
2026-10-04 19:06:05.866: [INFO] MostRecentlyActiveProfile: name=Profil 1 path=C:\atreus\ATREUS\repos\ATREUS\bin\Release\net8.0-windows\ATREUS.exe.WebView2\EBWebView\Default lastActive=2026-10-04T17:11:16.367Z
2026-10-04 19:06:05.866: [INFO] OnDoneLoading sync enabled: 0
2026-10-04 19:06:05.866: [INFO] BookmarkModelLoaded, ids_reassigned: 0
2026-10-04 19:06:05.866: [INFO] BookmarksLoadDropped droppedNodes=0
2026-10-04 19:06:05.866: [INFO] BookmarksSnapshot Startup total=0 bar=0 other=0 mobile=0 showBar=0 showBarNTP=1
2026-10-04 19:10:13.836: [INFO] BookmarksSnapshot Shutdown total=0 bar=0 other=0 mobile=0 showBar=0 showBarNTP=1
2026-10-04 19:12:28.010: [INFO] CurrentProfilePath: C:\atreus\ATREUS\repos\ATREUS\bin\Release\net8.0-windows\ATREUS.exe.WebView2\EBWebView\Default
2026-10-04 19:12:28.010: [INFO] Profiles total count: 1
2026-10-04 19:12:28.010: [INFO] Profile: name=Profil 1 path=C:\atreus\ATREUS\repos\ATREUS\bin\Release\net8.0-windows\ATREUS.exe.WebView2\EBWebView\Default lastActive=2026-10-04T19:06:09.268Z
2026-10-04 19:12:28.010: [INFO] LastUsedProfileDir: C:\atreus\ATREUS\repos\ATREUS\bin\Release\net8.0-windows\ATREUS.exe.WebView2\EBWebView\Default
2026-10-04 19:12:28.010: [INFO] MostRecentlyActiveProfile: name=Profil 1 path=C:\atreus\ATREUS\repos\ATREUS\bin\Release\net8.0-windows\ATREUS.exe.WebView2\EBWebView\Default lastActive=2026-10-04T19:06:09.268Z
2026-10-04 19:12:28.010: [INFO] OnDoneLoading sync enabled: 0
2026-10-04 19:12:28.010: [INFO] BookmarkModelLoaded, ids_reassigned: 0
2026-10-04 19:12:28.010: [INFO] BookmarksLoadDropped droppedNodes=0
2026-10-04 19:12:28.010: [INFO] BookmarksSnapshot Startup total=0 bar=0 other=0 mobile=0 showBar=0 showBarNTP=1
2026-10-04 19:15:40.167: [INFO] BookmarksSnapshot Shutdown total=0 bar=0 other=0 mobile=0 showBar=0 showBarNTP=1
2026-10-04 19:33:14.635: [INFO] CurrentProfilePath: C:\atreus\ATREUS\repos\ATREUS\bin\Release\net8.0-windows\ATREUS.exe.WebView2\EBWebView\Default
2026-10-04 19:33:14.635: [INFO] Profiles total count: 1
2026-10-04 19:33:14.635: [INFO] Profile: name=Profil 1 path=C:\atreus\ATREUS\repos\ATREUS\bin\Release\net8.0-windows\ATREUS.exe.WebView2\EBWebView\Default lastActive=2026-10-04T19:12:30.815Z
2026-10-04 19:33:14.635: [INFO] LastUsedProfileDir: C:\atreus\ATREUS\repos\ATREUS\bin\Release\net8.0-windows\ATREUS.exe.WebView2\EBWebView\Default
2026-10-04 19:33:14.635: [INFO] MostRecentlyActiveProfile: name=Profil 1 path=C:\atreus\ATREUS\repos\ATREUS\bin\Release\net8.0-windows\ATREUS.exe.WebView2\EBWebView\Default lastActive=2026-10-04T19:12:30.815Z
2026-10-04 19:33:14.635: [INFO] OnDoneLoading sync enabled: 0
2026-10-04 19:33:14.635: [INFO] BookmarkModelLoaded, ids_reassigned: 0
2026-10-04 19:33:14.635: [INFO] BookmarksLoadDropped droppedNodes=0
2026-10-04 19:33:14.635: [INFO] BookmarksSnapshot Startup total=0 bar=0 other=0 mobile=0 showBar=0 showBarNTP=1
2026-10-04 19:34:21.385: [INFO] BookmarksSnapshot Shutdown total=0 bar=0 other=0 mobile=0 showBar=0 showBarNTP=1
